<?xml version="1.0" encoding="utf-8"?><testsuites><testsuite name="pytest" errors="0" failures="2" skipped="1" tests="288" time="13.194" timestamp="2026-07-27T17:02:29.737086+08:00" hostname="VM"><testcase classname="tests.unit.test_api.TestHealthRoutes" name="test_router_exists" time="0.001" /><testcase classname="tests.unit.test_api.TestHealthRoutes" name="test_routes_registered" time="0.001" /><testcase classname="tests.unit.test_api.TestRuntimeRoutes" name="test_router_exists" time="0.001" /><testcase classname="tests.unit.test_api.TestRuntimeRoutes" name="test_root_route" time="0.001" /><testcase classname="tests.unit.test_api.TestEventsRoutes" name="test_router_exists" time="0.001" /><testcase classname="tests.unit.test_api.TestEventsRoutes" name="test_root_route" time="0.001" /><testcase classname="tests.unit.test_api.TestMetricsRoutes" name="test_router_exists" time="0.001" /><testcase classname="tests.unit.test_api.TestMetricsRoutes" name="test_root_route" time="0.001" /><testcase classname="tests.unit.test_api.TestAPIServer" name="test_server_import" time="0.004" /><testcase classname="tests.unit.test_api.TestAPIServer" name="test_server_root_endpoint" time="0.001" /><testcase classname="tests.unit.test_api.TestAPIServer" name="test_cors_middleware_configured" time="0.001" /><testcase classname="tests.unit.test_autonomous.TestAutonomousModels" name="test_action_defaults" time="0.001" /><testcase classname="tests.unit.test_autonomous.TestAutonomousModels" name="test_action_custom" time="0.001" /><testcase classname="tests.unit.test_autonomous.TestAutonomousModels" name="test_approval_request_defaults" time="0.001" /><testcase classname="tests.unit.test_autonomous.TestAutonomousModels" name="test_action_type_enum" time="0.001" /><testcase classname="tests.unit.test_autonomous.TestAutonomousModels" name="test_risk_level_enum" time="0.001" /><testcase classname="tests.unit.test_autonomous.TestSafetyPolicy" name="test_auto_approve_low_risk" time="0.001" /><testcase classname="tests.unit.test_autonomous.TestSafetyPolicy" name="test_auto_approve_medium_risk" time="0.001" /><testcase classname="tests.unit.test_autonomous.TestSafetyPolicy" name="test_auto_approve_high_risk_denied" time="0.001" /><testcase classname="tests.unit.test_autonomous.TestSafetyPolicy" name="test_auto_approve_low_confidence_denied" time="0.001" /><testcase classname="tests.unit.test_autonomous.TestSafetyPolicy" name="test_requires_approval_high_risk" time="0.001" /><testcase classname="tests.unit.test_autonomous.TestSafetyPolicy" name="test_requires_approval_low_risk" time="0.001" /><testcase classname="tests.unit.test_autonomous.TestSafetyPolicy" name="test_blocked_action_restart_runtime" time="0.001" /><testcase classname="tests.unit.test_autonomous.TestSafetyPolicy" name="test_blocked_action_isolate_runtime" time="0.001" /><testcase classname="tests.unit.test_autonomous.TestSafetyPolicy" name="test_get_risk_known" time="0.001" /><testcase classname="tests.unit.test_autonomous.TestSafetyPolicy" name="test_get_risk_unknown_defaults" time="0.001" /><testcase classname="tests.unit.test_autonomous.TestApprovalManager" name="test_request_and_approve" time="0.004" /><testcase classname="tests.unit.test_autonomous.TestApprovalManager" name="test_request_and_deny" time="0.003" /><testcase classname="tests.unit.test_autonomous.TestApprovalManager" name="test_approve_invalid_id" time="0.003" /><testcase classname="tests.unit.test_autonomous.TestApprovalManager" name="test_approve_already_processed" time="0.003" /><testcase classname="tests.unit.test_autonomous.TestApprovalManager" name="test_deny_nonexistent" time="0.003" /><testcase classname="tests.unit.test_autonomous.TestApprovalManager" name="test_get_history" time="0.001" /><testcase classname="tests.unit.test_autonomous.TestActionExecutor" name="test_execute_restart_plugin_auto_approved" time="0.307" /><testcase classname="tests.unit.test_autonomous.TestActionExecutor" name="test_execute_high_risk_pending_approval" time="0.003" /><testcase classname="tests.unit.test_autonomous.TestActionExecutor" name="test_execute_blocked_action" time="0.003" /><testcase classname="tests.unit.test_autonomous.TestActionExecutor" name="test_execute_recover" time="0.004" /><testcase classname="tests.unit.test_autonomous.TestActionExecutor" name="test_execute_escalate" time="0.005" /><testcase classname="tests.unit.test_autonomous.TestActionExecutor" name="test_history" time="0.001" /><testcase classname="tests.unit.test_autonomous.TestActionExecutor" name="test_pending_actions" time="0.001" /><testcase classname="tests.unit.test_autonomous.TestAutoRecovery" name="test_recover_worker_incident" time="0.326" /><testcase classname="tests.unit.test_autonomous.TestAutoRecovery" name="test_recover_memory_incident" time="0.003" /><testcase classname="tests.unit.test_autonomous.TestAutoRecovery" name="test_recover_auth_incident_escalates" time="0.003" /><testcase classname="tests.unit.test_autonomous.TestPluginIsolation" name="test_isolate_unknown_plugin" time="0.003" /><testcase classname="tests.unit.test_autonomous.TestPluginIsolation" name="test_isolate_known_plugin" time="0.002" /><testcase classname="tests.unit.test_autonomous.TestPluginIsolation" name="test_isolate_twice" time="0.003" /><testcase classname="tests.unit.test_autonomous.TestPluginIsolation" name="test_restore_plugin" time="0.003" /><testcase classname="tests.unit.test_autonomous.TestPluginIsolation" name="test_restore_not_isolated" time="0.002" /><testcase classname="tests.unit.test_bootstrap.TestBootstrapManager" name="test_init" time="0.001" /><testcase classname="tests.unit.test_bootstrap.TestBootstrapManager" name="test_bootstrap_success" time="0.004" /><testcase classname="tests.unit.test_bootstrap.TestBootstrapManager" name="test_bootstrap_sets_bootstrapping_state" time="0.004" /><testcase classname="tests.unit.test_bootstrap.TestBootstrapManager" name="test_step_failure_returns_false" time="0.004" /><testcase classname="tests.unit.test_bootstrap.TestBootstrapIntegration" name="test_coordinator_start_triggers_bootstrap" time="0.137" /><testcase classname="tests.unit.test_bootstrap.TestBootstrapIntegration" name="test_coordinator_start_to_run" time="0.259" /><testcase classname="tests.unit.test_bootstrap.TestBootstrapIntegration" name="test_full_lifecycle" time="0.629" /><testcase classname="tests.unit.test_contracts.TestMissionContract" name="test_create_minimal" time="0.001" /><testcase classname="tests.unit.test_contracts.TestMissionContract" name="test_create_with_objectives" time="0.001" /><testcase classname="tests.unit.test_contracts.TestMissionContract" name="test_mission_status_enum" time="0.001" /><testcase classname="tests.unit.test_contracts.TestDOSContract" name="test_defaults" time="0.001" /><testcase classname="tests.unit.test_contracts.TestDOSContract" name="test_custom" time="0.001" /><testcase classname="tests.unit.test_contracts.TestRuntimeState" name="test_all_12_states" time="0.001" /><testcase classname="tests.unit.test_contracts.TestRuntimeCoordinator" name="test_initial_state" time="0.003" /><testcase classname="tests.unit.test_contracts.TestRuntimeCoordinator" name="test_start_to_ready" time="0.142" /><testcase classname="tests.unit.test_contracts.TestRuntimeCoordinator" name="test_start_to_run" time="0.225" /><testcase classname="tests.unit.test_contracts.TestRuntimeCoordinator" name="test_run_and_shutdown" time="0.614" /><testcase classname="tests.unit.test_contracts.TestRuntimeCoordinator" name="test_degrade_and_recover" time="0.235" /><testcase classname="tests.unit.test_contracts.TestRuntimeCoordinator" name="test_cannot_run_from_initial" time="0.003" /><testcase classname="tests.unit.test_contracts.TestRuntimeCoordinator" name="test_shutdown_is_terminal" time="0.624" /><testcase classname="tests.unit.test_contracts.TestRuntimeCoordinator" name="test_session_created_on_start" time="0.133" /><testcase classname="tests.unit.test_contracts.TestMissionLoader" name="test_load_from_workspace" time="0.003" /><testcase classname="tests.unit.test_contracts.TestMissionLoader" name="test_load_file_not_found" time="0.001"><failure message="Failed: DID NOT RAISE &lt;class 'FileNotFoundError'&gt;">tests\unit\test_contracts.py:157: in test_load_file_not_found
    ml.load()
E   Failed: DID NOT RAISE &lt;class 'FileNotFoundError'&gt;</failure></testcase><testcase classname="tests.unit.test_contracts.TestDOSLoader" name="test_load_from_workspace" time="0.002" /><testcase classname="tests.unit.test_contracts.TestDOSLoader" name="test_load_file_not_found" time="0.001"><failure message="Failed: DID NOT RAISE &lt;class 'FileNotFoundError'&gt;">tests\unit\test_contracts.py:173: in test_load_file_not_found
    dl.load()
E   Failed: DID NOT RAISE &lt;class 'FileNotFoundError'&gt;</failure></testcase><testcase classname="tests.unit.test_guardian.TestObserverEngine" name="test_observe_returns_dict" time="0.004" /><testcase classname="tests.unit.test_guardian.TestObserverEngine" name="test_observe_has_expected_keys" time="0.003" /><testcase classname="tests.unit.test_guardian.TestAnalyzerEngine" name="test_no_drift_when_healthy" time="0.003" /><testcase classname="tests.unit.test_guardian.TestAnalyzerEngine" name="test_drift_runtime_state" time="0.003" /><testcase classname="tests.unit.test_guardian.TestAnalyzerEngine" name="test_drift_plugins" time="0.003" /><testcase classname="tests.unit.test_guardian.TestAnalyzerEngine" name="test_drift_health" time="0.003" /><testcase classname="tests.unit.test_guardian.TestAnalyzerEngine" name="test_multiple_drifts" time="0.003" /><testcase classname="tests.unit.test_guardian.TestPolicyEngine" name="test_policy_allows_by_default" time="0.003" /><testcase classname="tests.unit.test_guardian.TestPolicyEngine" name="test_policy_returns_reason" time="0.003" /><testcase classname="tests.unit.test_guardian.TestActionEngine" name="test_execute_empty_plan_returns_false" time="0.003" /><testcase classname="tests.unit.test_guardian.TestActionEngine" name="test_execute_returns_true" time="0.003" /><testcase classname="tests.unit.test_guardian.TestActionEngine" name="test_verify_returns_true" time="0.003" /><testcase classname="tests.unit.test_guardian.TestVerificationEngine" name="test_verify_empty_plan_false" time="0.003" /><testcase classname="tests.unit.test_guardian.TestVerificationEngine" name="test_verify_returns_true" time="0.003" /><testcase classname="tests.unit.test_guardian.TestDecisionEngine" name="test_make_decision_with_drifts" time="0.003" /><testcase classname="tests.unit.test_guardian.TestDecisionEngine" name="test_make_decision_low_risk_auto_approved" time="0.003" /><testcase classname="tests.unit.test_guardian.TestDecisionEngine" name="test_high_risk_not_auto_approved" time="0.003" /><testcase classname="tests.unit.test_guardian.TestDecisionEngine" name="test_decision_has_audit_fields" time="0.004" /><testcase classname="tests.unit.test_guardian.TestGuardianPipeline" name="test_run_cycle_without_coordinator_start" time="0.004" /><testcase classname="tests.unit.test_guardian.TestGuardianPipeline" name="test_run_cycle_healthy" time="0.003" /><testcase classname="tests.unit.test_guardian.TestGuardianPipeline" name="test_run_cycle_detects_drift" time="0.004" /><testcase classname="tests.unit.test_guardian.TestGuardianPipeline" name="test_multiple_cycles" time="0.035" /><testcase classname="tests.unit.test_hardening.TestMissionValidation" name="test_valid_mission_yaml" time="0.002" /><testcase classname="tests.unit.test_hardening.TestMissionValidation" name="test_mission_file_not_found_returns_default" time="0.006" /><testcase classname="tests.unit.test_hardening.TestDOSValidation" name="test_valid_dos_yaml" time="0.002" /><testcase classname="tests.unit.test_hardening.TestDOSValidation" name="test_dos_file_not_found_returns_default" time="0.002" /><testcase classname="tests.unit.test_hardening.TestGracefulDegradation" name="test_coordinator_start_no_workspace" time="0.126" /><testcase classname="tests.unit.test_hardening.TestGracefulDegradation" name="test_coordinator_start_empty_workspace" time="0.148" /><testcase classname="tests.unit.test_hardening.TestGracefulDegradation" name="test_shutdown_doesnt_crash" time="0.510" /><testcase classname="tests.unit.test_hardening.TestGracefulDegradation" name="test_run_from_wrong_state_raises_error" time="0.002" /><testcase classname="tests.unit.test_hardening.TestGracefulDegradation" name="test_health_collector_no_workspace" time="0.002" /><testcase classname="tests.unit.test_hardening.TestErrorHandling" name="test_telemetry_service_max_events" time="0.002" /><testcase classname="tests.unit.test_hardening.TestErrorHandling" name="test_incident_detector_bad_workspace" time="0.004" /><testcase classname="tests.unit.test_hardening.TestErrorHandling" name="test_knowledge_search_empty" time="0.002" /><testcase classname="tests.unit.test_hardening.TestConfigurationValidation" name="test_dos_loader_invalid_yaml" time="0.005" /><testcase classname="tests.unit.test_hardening.TestConfigurationValidation" name="test_mission_loader_invalid_yaml" time="0.004" /><testcase classname="tests.unit.test_hardening.TestConfigurationValidation" name="test_web_server_import" time="0.001" /><testcase classname="tests.unit.test_hardening.TestSecurityHardening" name="test_web_default_host_localhost" time="0.001" /><testcase classname="tests.unit.test_hardening.TestSecurityHardening" name="test_coordinator_no_hardcoded_credentials" time="0.002" /><testcase classname="tests.unit.test_history.TestKnowledgeStoreHistory" name="test_history_created" time="0.181" /><testcase classname="tests.unit.test_history.TestKnowledgeStoreHistory" name="test_history_updated" time="0.037" /><testcase classname="tests.unit.test_history.TestKnowledgeStoreHistory" name="test_history_deleted" time="0.048" /><testcase classname="tests.unit.test_history.TestKnowledgeStoreHistory" name="test_history_list_complete" time="0.055" /><testcase classname="tests.unit.test_history.TestKnowledgeStoreHistory" name="test_previous_version_link" time="0.047" /><testcase classname="tests.unit.test_history.TestKnowledgeStoreHistory" name="test_history_nonexistent_fact" time="0.031" /><testcase classname="tests.unit.test_hosting.TestDesktopAdapter" name="test_get_workspace" time="0.001" /><testcase classname="tests.unit.test_hosting.TestDesktopAdapter" name="test_get_environment" time="0.001" /><testcase classname="tests.unit.test_hosting.TestDesktopAdapter" name="test_get_log_path" time="0.001" /><testcase classname="tests.unit.test_hosting.TestDesktopAdapter" name="test_get_signal_handler" time="0.001" /><testcase classname="tests.unit.test_hosting.TestDockerAdapter" name="test_default_workspace" time="0.001" /><testcase classname="tests.unit.test_hosting.TestDockerAdapter" name="test_custom_workspace" time="0.001" /><testcase classname="tests.unit.test_hosting.TestDockerAdapter" name="test_get_environment" time="0.001" /><testcase classname="tests.unit.test_hosting.TestDockerAdapter" name="test_get_log_path" time="0.001" /><testcase classname="tests.unit.test_hosting.TestDockerAdapter" name="test_get_signal_handler" time="0.001" /><testcase classname="tests.unit.test_hosting.TestAdapterWithCoordinator" name="test_coordinator_with_desktop_adapter" time="0.003" /><testcase classname="tests.unit.test_hosting.TestAdapterWithCoordinator" name="test_coordinator_with_docker_adapter" time="0.003" /><testcase classname="tests.unit.test_hosting.TestAdapterWithCoordinator" name="test_coordinator_default_adapter" time="0.003" /><testcase classname="tests.unit.test_importer.TestKnowledgeImporter" name="test_import_yaml_valid" time="0.074" /><testcase classname="tests.unit.test_importer.TestKnowledgeImporter" name="test_import_json_valid" time="0.078" /><testcase classname="tests.unit.test_importer.TestKnowledgeImporter" name="test_import_markdown_references" time="0.080" /><testcase classname="tests.unit.test_importer.TestKnowledgeImporter" name="test_import_invalid_format" time="0.055" /><testcase classname="tests.unit.test_importer.TestKnowledgeImporter" name="test_import_missing_pyyaml" time="0.050"><skipped type="pytest.skip" message="PyYAML is installed, cannot test missing dependency">D:\Project AI\SAM\tests\unit\test_importer.py:302: PyYAML is installed, cannot test missing dependency</skipped></testcase><testcase classname="tests.unit.test_intelligence.TestIntelligenceModels" name="test_incident_defaults" time="0.001" /><testcase classname="tests.unit.test_intelligence.TestIntelligenceModels" name="test_incident_custom" time="0.001" /><testcase classname="tests.unit.test_intelligence.TestIntelligenceModels" name="test_severity_enum" time="0.001" /><testcase classname="tests.unit.test_intelligence.TestIntelligenceModels" name="test_root_cause_defaults" time="0.001" /><testcase classname="tests.unit.test_intelligence.TestIntelligenceModels" name="test_recommendation_defaults" time="0.001" /><testcase classname="tests.unit.test_intelligence.TestIntelligenceModels" name="test_recommendation_custom" time="0.001" /><testcase classname="tests.unit.test_intelligence.TestIncidentDetector" name="test_detect_empty_workspace" time="0.006" /><testcase classname="tests.unit.test_intelligence.TestIncidentDetector" name="test_detect_from_log_file" time="0.008" /><testcase classname="tests.unit.test_intelligence.TestIncidentDetector" name="test_detect_critical_severity" time="0.007" /><testcase classname="tests.unit.test_intelligence.TestIncidentDetector" name="test_detect_warning_is_medium" time="0.007" /><testcase classname="tests.unit.test_intelligence.TestIncidentDetector" name="test_detect_unhealthy_component" time="0.007" /><testcase classname="tests.unit.test_intelligence.TestIncidentDetector" name="test_summarize_short" time="0.001" /><testcase classname="tests.unit.test_intelligence.TestIncidentDetector" name="test_summarize_long" time="0.001" /><testcase classname="tests.unit.test_intelligence.TestRootCauseAnalyzer" name="test_analyze_worker_incident" time="0.003" /><testcase classname="tests.unit.test_intelligence.TestRootCauseAnalyzer" name="test_analyze_memory_incident" time="0.003" /><testcase classname="tests.unit.test_intelligence.TestRootCauseAnalyzer" name="test_analyze_provider_incident" time="0.003" /><testcase classname="tests.unit.test_intelligence.TestRootCauseAnalyzer" name="test_analyze_unknown_returns_fallback" time="0.003" /><testcase classname="tests.unit.test_intelligence.TestRootCauseAnalyzer" name="test_causes_sorted_by_confidence" time="0.003" /><testcase classname="tests.unit.test_intelligence.TestRecommender" name="test_recommend_from_causes" time="0.004" /><testcase classname="tests.unit.test_intelligence.TestRecommender" name="test_recommend_fallback_no_causes" time="0.003" /><testcase classname="tests.unit.test_intelligence.TestRecommender" name="test_recommend_steps_template_restart" time="0.003" /><testcase classname="tests.unit.test_intelligence.TestRecommender" name="test_recommend_sorted_by_confidence" time="0.003" /><testcase classname="tests.unit.test_intelligence.TestRecommender" name="test_determine_risk" time="0.001" /><testcase classname="tests.unit.test_intelligence.TestKnowledgeLookup" name="test_search_worker" time="0.003" /><testcase classname="tests.unit.test_intelligence.TestKnowledgeLookup" name="test_search_provider" time="0.003" /><testcase classname="tests.unit.test_intelligence.TestKnowledgeLookup" name="test_search_no_match_returns_default" time="0.003" /><testcase classname="tests.unit.test_intelligence.TestKnowledgeLookup" name="test_search_respects_max_results" time="0.003" /><testcase classname="tests.unit.test_intelligence.TestKnowledgeLookup" name="test_search_empty_query" time="0.003" /><testcase classname="tests.unit.test_openclaw.TestOpenClawModels" name="test_status_enum" time="0.001" /><testcase classname="tests.unit.test_openclaw.TestOpenClawModels" name="test_component_defaults" time="0.001" /><testcase classname="tests.unit.test_openclaw.TestOpenClawModels" name="test_component_custom" time="0.001" /><testcase classname="tests.unit.test_openclaw.TestOpenClawModels" name="test_health_defaults" time="0.001" /><testcase classname="tests.unit.test_openclaw.TestOpenClawModels" name="test_health_custom" time="0.001" /><testcase classname="tests.unit.test_openclaw.TestOpenClawModels" name="test_workspace_defaults" time="0.001" /><testcase classname="tests.unit.test_openclaw.TestOpenClawDiscovery" name="test_discover_no_path" time="0.122" /><testcase classname="tests.unit.test_openclaw.TestOpenClawDiscovery" name="test_discover_nonexistent_path" time="0.123" /><testcase classname="tests.unit.test_openclaw.TestOpenClawDiscovery" name="test_scan_empty_directory" time="0.004" /><testcase classname="tests.unit.test_openclaw.TestOpenClawDiscovery" name="test_scan_with_openclaw_json" time="0.006" /><testcase classname="tests.unit.test_openclaw.TestOpenClawDiscovery" name="test_scan_with_dot_openclaw" time="0.184" /><testcase classname="tests.unit.test_openclaw.TestOpenClawHealthCollector" name="test_collect_returns_health" time="0.003" /><testcase classname="tests.unit.test_openclaw.TestOpenClawHealthCollector" name="test_collect_components_not_empty" time="0.003" /><testcase classname="tests.unit.test_openclaw.TestOpenClawHealthCollector" name="test_collect_healthy_status" time="0.002" /><testcase classname="tests.unit.test_openclaw.TestOpenClawHealthCollector" name="test_determine_runtime_all_healthy" time="0.001" /><testcase classname="tests.unit.test_openclaw.TestOpenClawHealthCollector" name="test_determine_runtime_with_unhealthy" time="0.001" /><testcase classname="tests.unit.test_openclaw.TestOpenClawHealthCollector" name="test_determine_runtime_with_degraded" time="0.001" /><testcase classname="tests.unit.test_openclaw.TestOpenClawHealthCollector" name="test_determine_runtime_empty" time="0.001" /><testcase classname="tests.unit.test_openclaw.TestOpenClawHealthCollector" name="test_detect_issues_no_issues" time="0.003" /><testcase classname="tests.unit.test_openclaw.TestOpenClawHealthCollector" name="test_detect_issues_with_issues" time="0.003" /><testcase classname="tests.unit.test_openclaw.TestOpenClawLogAnalyzer" name="test_analyze_no_log_file" time="0.004" /><testcase classname="tests.unit.test_openclaw.TestOpenClawLogAnalyzer" name="test_parse_error_line" time="0.006" /><testcase classname="tests.unit.test_openclaw.TestOpenClawLogAnalyzer" name="test_parse_mixed_lines" time="0.006" /><testcase classname="tests.unit.test_openclaw.TestOpenClawLogAnalyzer" name="test_detect_severity" time="0.001" /><testcase classname="tests.unit.test_openclaw.TestOpenClawLogAnalyzer" name="test_extract_timestamp" time="0.001" /><testcase classname="tests.unit.test_openclaw.TestOpenClawLogAnalyzer" name="test_extract_timestamp_none" time="0.001" /><testcase classname="tests.unit.test_recovery.TestRecoveryManager" name="test_recovery_no_crash" time="0.003" /><testcase classname="tests.unit.test_recovery.TestRecoveryManager" name="test_recovery_with_crash_detected" time="0.004" /><testcase classname="tests.unit.test_recovery.TestRecoveryManager" name="test_recovery_with_checkpoint" time="0.005" /><testcase classname="tests.unit.test_recovery.TestRecoveryManager" name="test_detect_crash_returns_false_for_no_session" time="0.003" /><testcase classname="tests.unit.test_recovery.TestRecoveryManager" name="test_detect_crash_returns_true_for_running_session" time="0.004" /><testcase classname="tests.unit.test_recovery.TestRecoveryManager" name="test_detect_crash_returns_false_for_completed_session" time="0.005" /><testcase classname="tests.unit.test_recovery.TestRecoveryManager" name="test_recovery_pipeline_reaches_safe_mode_on_error" time="0.005" /><testcase classname="tests.unit.test_recovery.TestRecoveryManager" name="test_coordinator_start_with_recovery" time="0.150" /><testcase classname="tests.unit.test_session.TestSessionManager" name="test_create_session" time="0.004" /><testcase classname="tests.unit.test_session.TestSessionManager" name="test_create_session_saves_to_disk" time="0.015" /><testcase classname="tests.unit.test_session.TestSessionManager" name="test_save_checkpoint" time="0.004" /><testcase classname="tests.unit.test_session.TestSessionManager" name="test_save_checkpoint_no_session" time="0.004" /><testcase classname="tests.unit.test_session.TestSessionManager" name="test_get_current_session" time="0.004" /><testcase classname="tests.unit.test_session.TestSessionManager" name="test_get_session_history_empty" time="0.004" /><testcase classname="tests.unit.test_session.TestSessionManager" name="test_get_session_history" time="0.023" /><testcase classname="tests.unit.test_session.TestSessionManager" name="test_get_session_by_id" time="0.012" /><testcase classname="tests.unit.test_session.TestSessionManager" name="test_get_session_by_id_not_found" time="0.003" /><testcase classname="tests.unit.test_session.TestSessionManager" name="test_end_session" time="0.004" /><testcase classname="tests.unit.test_session.TestSessionManager" name="test_multiple_checkpoints" time="0.006" /><testcase classname="tests.unit.test_session.TestSessionManager" name="test_session_path_creation" time="0.003" /><testcase classname="tests.unit.test_shutdown.TestShutdownManager" name="test_init" time="0.003" /><testcase classname="tests.unit.test_shutdown.TestShutdownManager" name="test_shutdown_success" time="0.626" /><testcase classname="tests.unit.test_shutdown.TestShutdownManager" name="test_shutdown_sets_stopping_state" time="0.522" /><testcase classname="tests.unit.test_shutdown.TestShutdownManager" name="test_shutdown_ends_session" time="0.519" /><testcase classname="tests.unit.test_shutdown.TestShutdownManager" name="test_coordinator_stop_triggers_shutdown" time="0.652" /><testcase classname="tests.unit.test_shutdown.TestShutdownEdgeCases" name="test_shutdown_from_initializing" time="0.372" /><testcase classname="tests.unit.test_shutdown.TestShutdownEdgeCases" name="test_double_shutdown" time="0.989" /><testcase classname="tests.unit.test_telemetry.TestTelemetryModels" name="test_telemetry_event_minimal" time="0.001" /><testcase classname="tests.unit.test_telemetry.TestTelemetryModels" name="test_telemetry_event_custom" time="0.001" /><testcase classname="tests.unit.test_telemetry.TestTelemetryModels" name="test_severity_enum_values" time="0.000" /><testcase classname="tests.unit.test_telemetry.TestTelemetryModels" name="test_metric_point_defaults" time="0.001" /><testcase classname="tests.unit.test_telemetry.TestTelemetryModels" name="test_runtime_metrics_defaults" time="0.001" /><testcase classname="tests.unit.test_telemetry.TestTelemetryService" name="test_init_empty" time="0.000" /><testcase classname="tests.unit.test_telemetry.TestTelemetryService" name="test_emit_event" time="0.001" /><testcase classname="tests.unit.test_telemetry.TestTelemetryService" name="test_emit" time="0.001" /><testcase classname="tests.unit.test_telemetry.TestTelemetryService" name="test_get_events_limit" time="0.002" /><testcase classname="tests.unit.test_telemetry.TestTelemetryService" name="test_get_events_severity_filter" time="0.001" /><testcase classname="tests.unit.test_telemetry.TestTelemetryService" name="test_clear" time="0.001" /><testcase classname="tests.unit.test_telemetry.TestTelemetryService" name="test_max_events_respected" time="0.002" /><testcase classname="tests.unit.test_telemetry.TestTelemetryService" name="test_record_metrics" time="0.001" /><testcase classname="tests.unit.test_telemetry.TestTelemetryService" name="test_get_metrics_history" time="0.001" /><testcase classname="tests.unit.test_telemetry.TestTelemetryService" name="test_follow_yields_existing" time="0.001" /><testcase classname="tests.unit.test_telemetry.TestMetricsCollector" name="test_collect_returns_runtime_metrics" time="0.104" /><testcase classname="tests.unit.test_telemetry.TestMetricsCollector" name="test_start_stop" time="0.110" /><testcase classname="tests.unit.test_telemetry.TestMetricsCollector" name="test_uptime_zero_when_no_start_time" time="0.108" /><testcase classname="tests.unit.test_web.TestWebRoutes" name="test_app_created" time="0.001" /><testcase classname="tests.unit.test_web.TestWebRoutes" name="test_routes_registered" time="0.001" /><testcase classname="tests.unit.test_web.TestWebRoutes" name="test_cors_configured" time="0.001" /><testcase classname="tests.unit.test_web.TestWebRoutes" name="test_templates_directory" time="0.001" /><testcase classname="tests.unit.test_web.TestWebRoutes" name="test_run_server_import" time="0.001" /><testcase classname="tests.unit.test_web.TestWebCLIIntegration" name="test_web_command_in_main" time="0.025" /><testcase classname="tests.unit.test_web.TestWebCLIIntegration" name="test_static_files_exist" time="0.001" /><testcase classname="tests.integration.test_autonomous_pipeline.TestAutonomousPipelineE2E" name="test_approval_then_execute" time="0.312" /><testcase classname="tests.integration.test_autonomous_pipeline.TestAutonomousPipelineE2E" name="test_high_risk_needs_approval" time="0.003" /><testcase classname="tests.integration.test_autonomous_pipeline.TestAutonomousPipelineE2E" name="test_recovery_then_isolation_workflow" time="0.625" /><testcase classname="tests.integration.test_autonomous_pipeline.TestAutonomousPipelineE2E" name="test_policy_blocked_actions" time="0.002" /><testcase classname="tests.integration.test_autonomous_pipeline.TestAutonomousPipelineE2E" name="test_safety_policy_enforcement" time="0.002" /><testcase classname="tests.integration.test_autonomous_pipeline.TestAutonomousPipelineE2E" name="test_approval_deny_propagation" time="0.003" /><testcase classname="tests.integration.test_autonomous_pipeline.TestAutonomousCLIIntegration" name="test_cli_import" time="0.001" /><testcase classname="tests.integration.test_autonomous_pipeline.TestAutonomousCLIIntegration" name="test_coordinator_has_autonomous" time="0.001" /><testcase classname="tests.integration.test_autonomous_pipeline.TestAutonomousCLIIntegration" name="test_coordinator_autonomous_default_true" time="0.001" /><testcase classname="tests.integration.test_intelligence_pipeline.TestIntelligencePipelineE2E" name="test_full_pipeline" time="0.007" /><testcase classname="tests.integration.test_intelligence_pipeline.TestIntelligencePipelineE2E" name="test_log_and_health_detection" time="0.008" /><testcase classname="tests.integration.test_intelligence_pipeline.TestIntelligencePipelineE2E" name="test_knowledge_database" time="0.003" /><testcase classname="tests.integration.test_intelligence_pipeline.TestIntelligencePipelineE2E" name="test_multi_cause" time="0.002" /><testcase classname="tests.integration.test_intelligence_pipeline.TestIntelligencePipelineE2E" name="test_steps_not_empty" time="0.004" /><testcase classname="tests.integration.test_intelligence_pipeline.TestIntelligencePipelineE2E" name="test_no_log_fallback" time="0.004" /><testcase classname="tests.integration.test_intelligence_pipeline.TestIntelligenceIntegration" name="test_cli_import" time="0.001" /><testcase classname="tests.integration.test_intelligence_pipeline.TestIntelligenceIntegration" name="test_coordinator_has_intelligence" time="0.001" /><testcase classname="tests.integration.test_observability.TestTelemetryIntegration" name="test_emit_and_query_roundtrip" time="0.001" /><testcase classname="tests.integration.test_observability.TestTelemetryIntegration" name="test_metrics_roundtrip" time="0.001" /><testcase classname="tests.integration.test_observability.TestTelemetryIntegration" name="test_correlation_across_events" time="0.001" /><testcase classname="tests.integration.test_observability.TestTelemetryIntegration" name="test_large_batch_preserves_order" time="0.009" /><testcase classname="tests.integration.test_observability.TestTelemetryIntegration" name="test_clear_and_reuse" time="0.001" /><testcase classname="tests.integration.test_observability.TestMetricsCollectorIntegration" name="test_collector_integration_with_coordinator" time="0.108" /><testcase classname="tests.integration.test_observability.TestMetricsCollectorIntegration" name="test_psutil_fallback" time="0.109" /><testcase classname="tests.integration.test_observability.TestCLIIntegration" name="test_logs_cli_imports" time="0.002" /><testcase classname="tests.integration.test_observability.TestCLIIntegration" name="test_metrics_cli_imports" time="0.002" /><testcase classname="tests.integration.test_openclaw_integration.TestOcIntegrationE2E" name="test_discover_then_health" time="0.112" /><testcase classname="tests.integration.test_openclaw_integration.TestOcIntegrationE2E" name="test_discover_log_analyze" time="0.123" /><testcase classname="tests.integration.test_openclaw_integration.TestOcIntegrationE2E" name="test_health_with_health_file" time="0.006" /><testcase classname="tests.integration.test_openclaw_integration.TestOcIntegrationE2E" name="test_health_detects_unhealthy" time="0.006" /><testcase classname="tests.integration.test_openclaw_integration.TestOcIntegrationE2E" name="test_log_custom_location" time="0.006" /><testcase classname="tests.integration.test_openclaw_integration.TestOcIntegrationE2E" name="test_empty_log_dir" time="0.004" /><testcase classname="tests.integration.test_openclaw_integration.TestOcCLIIntegration" name="test_cli_import" time="0.001" /><testcase classname="tests.integration.test_openclaw_integration.TestOcCLIIntegration" name="test_coordinator_has_openclaw" time="0.001" /><testcase classname="tests.integration.test_openclaw_integration.TestOcCLIIntegration" name="test_telemetry_openclaw_event" time="0.002" /><testcase classname="tests.integration.test_service_deployment.TestSystemdUnit" name="test_unit_file_content" time="0.001" /><testcase classname="tests.integration.test_service_deployment.TestSystemdUnit" name="test_unit_file_generation" time="0.004" /><testcase classname="tests.integration.test_service_deployment.TestSAMServiceMock" name="test_windows_service_mock" time="0.001" /><testcase classname="tests.integration.test_service_deployment.TestServiceManager" name="test_service_manager_init" time="0.003" /><testcase classname="tests.integration.test_service_deployment.TestServiceManager" name="test_service_status" time="0.003" /><testcase classname="tests.integration.test_service_deployment.TestServiceManager" name="test_service_install_unsupported" time="0.002" /><testcase classname="tests.integration.test_service_deployment" name="test_desktop_launcher_imports" time="0.005" /><testcase classname="tests.integration.test_service_deployment.TestDeploymentFiles" name="test_dockerfile_exists" time="0.001" /><testcase classname="tests.integration.test_service_deployment.TestDeploymentFiles" name="test_dockerfile_has_entrypoint" time="0.001" /><testcase classname="tests.integration.test_service_deployment.TestDeploymentFiles" name="test_docker_compose_exists" time="0.001" /><testcase classname="tests.integration.test_service_deployment.TestDeploymentFiles" name="test_launcher_bat_exists" time="0.001" /><testcase classname="tests.integration.test_service_deployment.TestDeploymentFiles" name="test_launcher_sh_exists" time="0.001" /><testcase classname="tests.integration.test_service_deployment.TestDeploymentFiles" name="test_sam_service_exists" time="0.001" /></testsuite></testsuites>